// Jest Snapshot v1, https://goo.gl/fbAQLP

exports[`should render DashboardPage correctly 1`] = `
<div>
  <div
    className="content-container"
  >
    <h2>
      Indonesia news
    </h2>
    <hr />
  </div>
  <Connect(NewsList) />
</div>
`;
